[    1997ms] [WARNING] [Audigent] cannot find __gpp framework @ https://a.ad.gt/api/v1/u/matches/288?_it=amazon:0
[    2615ms] [WARNING] An iframe which has both allow-scripts and allow-same-origin for its sandbox attribute can escape its sandboxing. @ https://cadmus.script.ac/d1oykxszdrgjgl/script.js:0
[    3399ms] [ERROR] Attestation check for Shared Storage on https://www.googleadservices.com failed. @ https://www.googleadservices.com/pagead/managed/js/activeview/current/reach_worklet.html:0
[    3447ms] [ERROR] Attestation check for Shared Storage on https://www.googleadservices.com failed. @ https://www.googleadservices.com/pagead/managed/js/activeview/current/reach_worklet.html:0
[    3691ms] [ERROR] Failed to load resource: net::ERR_NAME_NOT_RESOLVED @ https://cw.addthis.com/t.gif?pid=88&pidt=0&pdid=2e99aeee-536a-46f8-b66a-1863e68b9073&cu=:0
[    3866ms] [ERROR] Failed to load resource: net::ERR_NAME_NOT_RESOLVED @ https://cw.addthis.com/t.gif?pid=88&pidt=0&pdid=2e99aeee-536a-46f8-b66a-1863e68b9073&cu=:0
[    4497ms] SecurityError: Failed to read a named property 'document' from 'Window': Blocked a frame with origin "https://9d4f78f24e333b64d23b31cfe920e281.safeframe.googlesyndication.com" from accessing a cross-origin frame.
    at <anonymous>:1:59942
    at ft (<anonymous>:1:108023)
[    5341ms] [ERROR] Failed to load resource: the server responded with a status of 404 () @ https://cs.krushmedia.com/4831fbf13dd518a56346a6e0ec8ba9d5.gif?puid=ID5-5-adf82ce0-c3fb-4403-a880-0c07d63d206b&redir=https%3A%2F%2Fsync.inmobi.com%2Fsetuid%3FbidderID%3D1315%26dspUserId%3D%5BUID%5D&gdpr=0&gdpr_consent=:0
[    5341ms] [ERROR] Failed to load resource: the server responded with a status of 404 () @ https://cs.krushmedia.com/4831fbf13dd518a56346a6e0ec8ba9d5.gif?puid=ID5-5-adf82ce0-c3fb-4403-a880-0c07d63d206b&redir=https%3A%2F%2Fsync.inmobi.com%2Fsetuid%3FbidderID%3D1315%26dspUserId%3D%5BUID%5D&gdpr=0&gdpr_consent=:0
[    7310ms] [ERROR] Failed to load resource: the server responded with a status of 404 () @ https://openrtb-us-east-1.axonix.com/syn?supply=6b5e0640-0286-4e78-b490-a820e3a18a08&gdpr=0&gdpr_consent=&uid=na&redirect=https%3A%2F%2Fid5-sync.com%2Fc%2F846%2F1201%2F4%2F6.gif%3Fpuid%3DxxEMODO_IDxx%26gdpr%3D0%26gdpr_consent%3D:0
[    7781ms] [ERROR] Failed to load resource: the server responded with a status of 400 () @ https://ssum-sec.casalemedia.com/usermatch?s=194558&cb=https%3A%2F%2Fu.4dex.io%2Fsetuid%3Fbidder%3Dindexexchange%26it%3Dadg-pb-clt%26uid%3D:0
[   13523ms] [ERROR] Failed to load resource: the server responded with a status of 400 () @ https://he.lijit.com/merge?pid=8100&event_type=email&lc_md5=5d8aec754eedb9ff472408405e7eedf4&lc_sha1=d3eac339f75c963be67db203d6c7a6832174c750&lc_sha256=7a23cc3f686b7fbaf39328c56ab67aee1e031d6478ce03224d0019c457fbed45&rnd=1771644119911:0
[   15489ms] [WARNING] An iframe which has both allow-scripts and allow-same-origin for its sandbox attribute can escape its sandboxing. @ https://cadmus.script.ac/d1oykxszdrgjgl/script.js:0
[    3691ms] [ERROR] Failed to load resource: net::ERR_NAME_NOT_RESOLVED @ https://cw.addthis.com/t.gif?pid=88&pidt=0&pdid=2e99aeee-536a-46f8-b66a-1863e68b9073&cu=:0
[    3866ms] [ERROR] Failed to load resource: net::ERR_NAME_NOT_RESOLVED @ https://cw.addthis.com/t.gif?pid=88&pidt=0&pdid=2e99aeee-536a-46f8-b66a-1863e68b9073&cu=:0
[   13523ms] [ERROR] Failed to load resource: the server responded with a status of 400 () @ https://he.lijit.com/merge?pid=8100&event_type=email&lc_md5=5d8aec754eedb9ff472408405e7eedf4&lc_sha1=d3eac339f75c963be67db203d6c7a6832174c750&lc_sha256=7a23cc3f686b7fbaf39328c56ab67aee1e031d6478ce03224d0019c457fbed45&rnd=1771644119911:0
[    3399ms] [ERROR] Attestation check for Shared Storage on https://www.googleadservices.com failed. @ https://www.googleadservices.com/pagead/managed/js/activeview/current/reach_worklet.html:0
[    3447ms] [ERROR] Attestation check for Shared Storage on https://www.googleadservices.com failed. @ https://www.googleadservices.com/pagead/managed/js/activeview/current/reach_worklet.html:0
[   16054ms] [ERROR] Failed to load resource: the server responded with a status of 404 (Not Found) @ https://pxdrop.lijit.com/private/ping?site=cncabwc7;ehls1=d3eac339f75c963be67db203d6c7a6832174c750;ehlm5=5d8aec754eedb9ff472408405e7eedf4;ehls2=7a23cc3f686b7fbaf39328c56ab67aee1e031d6478ce03224d0019c457fbed45;xid=3wq3fvlcf67n53ffj6mu6yakhik3df;lt=1771644074;ft=1771643883;ct=1771644122404:0
[   16067ms] [ERROR] Attestation check for Shared Storage on https://www.googleadservices.com failed. @ https://www.googleadservices.com/pagead/managed/js/activeview/current/reach_worklet.html:0
[   23631ms] [ERROR] Failed to load resource: the server responded with a status of 404 (Not Found) @ https://pxdrop.lijit.com/private/ping?site=cncabwc7;ehls1=d3eac339f75c963be67db203d6c7a6832174c750;ehlm5=5d8aec754eedb9ff472408405e7eedf4;ehls2=7a23cc3f686b7fbaf39328c56ab67aee1e031d6478ce03224d0019c457fbed45;xid=3wq3fvlcf67n53ffj6mu6yakhik3df;lt=1771644122;ft=1771643883;ct=1771644130040:0
[   29552ms] [WARNING] [GPT] Slot KyJlATWYPIcg_1771644135908_564315498_3 rendered inside of the viewport.
https://goo.gle/gpt-message#169 @ https://securepubads.g.doubleclick.net/pagead/managed/js/gpt/m202602180101/pubads_impl.js?cb=31096859:18
[    3399ms] [ERROR] Attestation check for Shared Storage on https://www.googleadservices.com failed. @ https://www.googleadservices.com/pagead/managed/js/activeview/current/reach_worklet.html:0
[    3447ms] [ERROR] Attestation check for Shared Storage on https://www.googleadservices.com failed. @ https://www.googleadservices.com/pagead/managed/js/activeview/current/reach_worklet.html:0
[   16067ms] [ERROR] Attestation check for Shared Storage on https://www.googleadservices.com failed. @ https://www.googleadservices.com/pagead/managed/js/activeview/current/reach_worklet.html:0
[   29800ms] [ERROR] Attestation check for Shared Storage on https://www.googleadservices.com failed. @ https://www.googleadservices.com/pagead/managed/js/activeview/current/reach_worklet.html:0
[   30059ms] [ERROR] Failed to load resource: net::ERR_NAME_NOT_RESOLVED @ https://sync.search.spotxchange.com/partner?adv_id=7025&gdpr=0&gpp=DBABL~BVQqAAAAAg&gpp_sid=7&redir=https%3A%2F%2Fcm.g.doubleclick.net%2Fpixel%3Fgoogle_nid%3Dspotxchange_dbm%26google_hm%3D%24SPOTX_BASE64_USER_ID:0
[   30059ms] [ERROR] Failed to load resource: net::ERR_NAME_NOT_RESOLVED @ https://sync.search.spotxchange.com/partner?adv_id=7025&gdpr=0&gpp=DBABL~BVQqAAAAAg&gpp_sid=7&uid=CAESELRP5zPu7DP9lGFnKT1nMK4&google_cver=1:0
[   31025ms] SecurityError: Failed to read a named property 'document' from 'Window': Blocked a frame with origin "https://9d4f78f24e333b64d23b31cfe920e281.safeframe.googlesyndication.com" from accessing a cross-origin frame.
    at <anonymous>:1:59942
    at ft (<anonymous>:1:108023)
