[    1237ms] [ERROR] Failed to load resource: the server responded with a status of 400 () @ https://ssum-sec.casalemedia.com/ium?sourceid=15&uid=060ixf7jsgld59a969a969e9b999d9c9966uoo2weq0ky6e606e606m6g666k6i66&gdpr=0:0
[    1740ms] [WARNING] [Audigent] cannot find __gpp framework @ https://a.ad.gt/api/v1/u/matches/288?_it=amazon:0
[    1753ms] [ERROR] Failed to load resource: the server responded with a status of 404 (Not Found) @ https://sync.colossusssp.com/ebfa23da174faa55634171c5e49d0152.gif?puid=AU1D-0100-001771643822-F2FJBJCO-1YA5&redir=http%3A%2F%2Fids.ad.gt%2Fapi%2Fv1%2Fcolossus%3Fcls_id%3D%5BUID%5D%26id%3DAU1D-0100-001771643822-F2FJBJCO-1YA5:0
[    1803ms] [WARNING] An iframe which has both allow-scripts and allow-same-origin for its sandbox attribute can escape its sandboxing. @ https://cadmus.script.ac/d1oykxszdrgjgl/script.js:0
[    1810ms] [WARNING] An iframe which has both allow-scripts and allow-same-origin for its sandbox attribute can escape its sandboxing. @ https://cadmus.script.ac/d1oykxszdrgjgl/script.js:0
[    4459ms] [WARNING] An iframe which has both allow-scripts and allow-same-origin for its sandbox attribute can escape its sandboxing. @ https://cadmus.script.ac/d1oykxszdrgjgl/script.js:0
[    4979ms] [ERROR] Access to XMLHttpRequest at 'https://eus.rubiconproject.com/usync.html?gdpr=0' from origin 'https://www.heroesprofile.com' has been blocked by CORS policy: No 'Access-Control-Allow-Origin' header is present on the requested resource. @ https://www.heroesprofile.com/:0
[    4979ms] [ERROR] Failed to load resource: net::ERR_FAILED @ https://eus.rubiconproject.com/usync.html?gdpr=0:0
[    5752ms] [ERROR] Error decoding tpids in b-15x: SyntaxError: Expected ':' after property name in JSON at position 5 (line 1 column 6)
    at JSON.parse (<anonymous>)
    at https://pxdrop.lijit.com/a/t_.htm?ver=1.2016.1099&cid=c026:1:1787
    at jsLib.onload (https://pxdrop.lijit.com/a/t_.htm?ver=1.2016.1099&cid=c026:1:2650) @ https://pxdrop.lijit.com/a/t_.htm?ver=1.2016.1099&cid=c026:0
[    5752ms] [ERROR] Error decoding tpids in b15-y: SyntaxError: Expected ':' after property name in JSON at position 5 (line 1 column 6)
    at JSON.parse (<anonymous>)
    at https://pxdrop.lijit.com/a/t_.htm?ver=1.2016.1099&cid=c026:1:1787
    at jsLib.onload (https://pxdrop.lijit.com/a/t_.htm?ver=1.2016.1099&cid=c026:1:2650) @ https://pxdrop.lijit.com/a/t_.htm?ver=1.2016.1099&cid=c026:0
[    5753ms] [ERROR] Error decoding tpids in b-15z: SyntaxError: Expected ':' after property name in JSON at position 5 (line 1 column 6)
    at JSON.parse (<anonymous>)
    at https://pxdrop.lijit.com/a/t_.htm?ver=1.2016.1099&cid=c026:1:1787
    at jsLib.onload (https://pxdrop.lijit.com/a/t_.htm?ver=1.2016.1099&cid=c026:1:2650) @ https://pxdrop.lijit.com/a/t_.htm?ver=1.2016.1099&cid=c026:0
[    5753ms] [ERROR] Error decoding tpids in b-160: SyntaxError: Expected ':' after property name in JSON at position 5 (line 1 column 6)
    at JSON.parse (<anonymous>)
    at https://pxdrop.lijit.com/a/t_.htm?ver=1.2016.1099&cid=c026:1:1787
    at jsLib.onload (https://pxdrop.lijit.com/a/t_.htm?ver=1.2016.1099&cid=c026:1:2650) @ https://pxdrop.lijit.com/a/t_.htm?ver=1.2016.1099&cid=c026:0
[    5753ms] [ERROR] Error decoding tpids in b-161: SyntaxError: Expected ':' after property name in JSON at position 5 (line 1 column 6)
    at JSON.parse (<anonymous>)
    at https://pxdrop.lijit.com/a/t_.htm?ver=1.2016.1099&cid=c026:1:1787
    at jsLib.onload (https://pxdrop.lijit.com/a/t_.htm?ver=1.2016.1099&cid=c026:1:2650) @ https://pxdrop.lijit.com/a/t_.htm?ver=1.2016.1099&cid=c026:0
[    5753ms] [ERROR] Error decoding tpids in b-162: SyntaxError: Expected ':' after property name in JSON at position 5 (line 1 column 6)
    at JSON.parse (<anonymous>)
    at https://pxdrop.lijit.com/a/t_.htm?ver=1.2016.1099&cid=c026:1:1787
    at jsLib.onload (https://pxdrop.lijit.com/a/t_.htm?ver=1.2016.1099&cid=c026:1:2650) @ https://pxdrop.lijit.com/a/t_.htm?ver=1.2016.1099&cid=c026:0
[    8381ms] [ERROR] Failed to load resource: the server responded with a status of 404 (Not Found) @ https://us4.shb-sync.com/9a618328-5946-41d2-842d-1fa2220a604b.gif?puid=[UID]&redir=https%3A%2F%2Fce.lijit.com%2Fmerge%3Fpid%3D118%263pid%3D%5BUID%5D&gdpr=[GDPR]&gdpr_consent=[GDPR_CONSENT]&ccpa=[CCPA]&gdpr=0&gdpr_consent=:0
[    9447ms] [ERROR] Failed to load resource: net::ERR_TOO_MANY_REDIRECTS @ https://c1.adform.net/serving/cookie/match?party=1135&callback=https%3A%2F%2Fid5-sync.com%2Fc%2F112%2F10%2F7%2F3.gif%3Fpuid%3D%5Badformuid%5D%26gdpr%3D0%26gdpr_consent%3D&gdpr_consent=&gdpr=0:0
[    9507ms] [ERROR] Failed to load resource: the server responded with a status of 410 (Gone) @ https://ads.stickyadstv.com/pbs-user-sync?gdpr=&gdpr_consent=&us_privacy=&gpp=&gpp_sid=&r=https%3A%2F%2Fcookies.nextmillmedia.com%2Fsetuid%3Fbidder%3Dfreewheel-ssp%26nmuid%3D%26gdpr%3D%26gdpr_consent%3D%26us_privacy%3D%26uid%3D%7Bviewerid%7D:0
[    9447ms] [ERROR] Failed to load resource: net::ERR_TOO_MANY_REDIRECTS @ https://c1.adform.net/serving/cookie/match?party=1135&callback=https%3A%2F%2Fid5-sync.com%2Fc%2F112%2F10%2F7%2F3.gif%3Fpuid%3D%5Badformuid%5D%26gdpr%3D0%26gdpr_consent%3D&gdpr_consent=&gdpr=0:0
[    9447ms] [ERROR] Failed to load resource: net::ERR_TOO_MANY_REDIRECTS @ https://c1.adform.net/serving/cookie/match?party=1135&callback=https%3A%2F%2Fid5-sync.com%2Fc%2F112%2F10%2F7%2F3.gif%3Fpuid%3D%5Badformuid%5D%26gdpr%3D0%26gdpr_consent%3D&gdpr_consent=&gdpr=0:0
[    9447ms] [ERROR] Failed to load resource: net::ERR_TOO_MANY_REDIRECTS @ https://c1.adform.net/serving/cookie/match?party=1135&callback=https%3A%2F%2Fid5-sync.com%2Fc%2F112%2F10%2F7%2F3.gif%3Fpuid%3D%5Badformuid%5D%26gdpr%3D0%26gdpr_consent%3D&gdpr_consent=&gdpr=0:0
[    9901ms] [ERROR] Failed to load resource: the server responded with a status of 424 (Failed Dependency) @ https://t.adx.opera.com/pub/sync?pubid=pub10101531197440&gdpr=1&gdpr_consent=:0
[    9447ms] [ERROR] Failed to load resource: net::ERR_TOO_MANY_REDIRECTS @ https://c1.adform.net/serving/cookie/match?party=1135&callback=https%3A%2F%2Fid5-sync.com%2Fc%2F112%2F10%2F7%2F3.gif%3Fpuid%3D%5Badformuid%5D%26gdpr%3D0%26gdpr_consent%3D&gdpr_consent=&gdpr=0:0
[    9901ms] [ERROR] Failed to load resource: the server responded with a status of 424 (Failed Dependency) @ https://t.adx.opera.com/pub/sync?pubid=pub10101531197440&gdpr=1&gdpr_consent=:0
[   10454ms] [ERROR] Failed to load resource: the server responded with a status of 400 () @ https://eb2.3lift.com/getuid?gdpr=0&gdpr_consent=&redir=https%3A%2F%2Fvisitor.us-west1.gcp.omnitagjs.com%2Fvisitor%2Fsync%3Fgdpr%3D0%26gdpr_consent%3D%26is_cookie_sync_uid%3D1%26name%3DTRIPLELIFT_cookie_sync%26ttl%3D720%26uid%3D771bebe2d6221e9ca65e16ebf8d2f6f3%26visitor%3D%24UID:0
[    9901ms] [ERROR] Failed to load resource: the server responded with a status of 424 (Failed Dependency) @ https://t.adx.opera.com/pub/sync?pubid=pub10101531197440&gdpr=1&gdpr_consent=:0
[   10527ms] [ERROR] Failed to load resource: the server responded with a status of 502 () @ chrome-error://chromewebdata/:0
[   10529ms] [ERROR] Refused to display 'https://gum.aidemsrv.com/' in a frame because it set 'X-Frame-Options' to 'sameorigin'. @ chrome-error://chromewebdata/:0
[   11000ms] [ERROR] Failed to load resource: the server responded with a status of 424 (Failed Dependency) @ https://t.adx.opera.com/pub/sync?pubid=pub10101531197440&gdpr=1&gdpr_consent=:0
[    9901ms] [ERROR] Failed to load resource: the server responded with a status of 424 (Failed Dependency) @ https://t.adx.opera.com/pub/sync?pubid=pub10101531197440&gdpr=1&gdpr_consent=:0
[   11000ms] [ERROR] Failed to load resource: the server responded with a status of 424 (Failed Dependency) @ https://t.adx.opera.com/pub/sync?pubid=pub10101531197440&gdpr=1&gdpr_consent=:0
[    9447ms] [ERROR] Failed to load resource: net::ERR_TOO_MANY_REDIRECTS @ https://c1.adform.net/serving/cookie/match?party=1135&callback=https%3A%2F%2Fid5-sync.com%2Fc%2F112%2F10%2F7%2F3.gif%3Fpuid%3D%5Badformuid%5D%26gdpr%3D0%26gdpr_consent%3D&gdpr_consent=&gdpr=0:0
[    8381ms] [ERROR] Failed to load resource: the server responded with a status of 404 (Not Found) @ https://us4.shb-sync.com/9a618328-5946-41d2-842d-1fa2220a604b.gif?puid=[UID]&redir=https%3A%2F%2Fce.lijit.com%2Fmerge%3Fpid%3D118%263pid%3D%5BUID%5D&gdpr=[GDPR]&gdpr_consent=[GDPR_CONSENT]&ccpa=[CCPA]&gdpr=0&gdpr_consent=:0
[   16067ms] [ERROR] Failed to load resource: net::ERR_NAME_NOT_RESOLVED @ https://cw.addthis.com/t.gif?pid=88&pidt=0&pdid=2e99aeee-536a-46f8-b66a-1863e68b9073&cu=:0
[   16190ms] [ERROR] Failed to load resource: net::ERR_NAME_NOT_RESOLVED @ https://cw.addthis.com/t.gif?pid=88&pidt=0&pdid=2e99aeee-536a-46f8-b66a-1863e68b9073&cu=:0
[   33281ms] [WARNING] An iframe which has both allow-scripts and allow-same-origin for its sandbox attribute can escape its sandboxing. @ https://cadmus.script.ac/d1oykxszdrgjgl/script.js:0
[    8381ms] [ERROR] Failed to load resource: the server responded with a status of 404 (Not Found) @ https://us4.shb-sync.com/9a618328-5946-41d2-842d-1fa2220a604b.gif?puid=[UID]&redir=https%3A%2F%2Fce.lijit.com%2Fmerge%3Fpid%3D118%263pid%3D%5BUID%5D&gdpr=[GDPR]&gdpr_consent=[GDPR_CONSENT]&ccpa=[CCPA]&gdpr=0&gdpr_consent=:0
[   16067ms] [ERROR] Failed to load resource: net::ERR_NAME_NOT_RESOLVED @ https://cw.addthis.com/t.gif?pid=88&pidt=0&pdid=2e99aeee-536a-46f8-b66a-1863e68b9073&cu=:0
[   16190ms] [ERROR] Failed to load resource: net::ERR_NAME_NOT_RESOLVED @ https://cw.addthis.com/t.gif?pid=88&pidt=0&pdid=2e99aeee-536a-46f8-b66a-1863e68b9073&cu=:0
[   33793ms] [ERROR] Attestation check for Shared Storage on https://www.googleadservices.com failed. @ https://www.googleadservices.com/pagead/managed/js/activeview/current/reach_worklet.html:0
