[    1827ms] [WARNING] [Audigent] cannot find __gpp framework @ https://a.ad.gt/api/v1/u/matches/288?_it=amazon:0
[    3881ms] [WARNING] An iframe which has both allow-scripts and allow-same-origin for its sandbox attribute can escape its sandboxing. @ https://cadmus.script.ac/d1oykxszdrgjgl/script.js:0
[    4266ms] [ERROR] Attestation check for Shared Storage on https://www.googleadservices.com failed. @ https://www.googleadservices.com/pagead/managed/js/activeview/current/reach_worklet.html:0
[    5989ms] SecurityError: Failed to read a named property 'document' from 'Window': Blocked a frame with origin "https://ffc003eae634caf925d3467999f63e77.safeframe.googlesyndication.com" from accessing a cross-origin frame.
    at <anonymous>:1:59942
    at ft (<anonymous>:1:108023)
[    6984ms] [ERROR] Failed to load resource: the server responded with a status of 404 () @ https://cs.krushmedia.com/4831fbf13dd518a56346a6e0ec8ba9d5.gif?puid=ID5-5-adf82ce0-c3fb-4403-a880-0c07d63d206b&redir=https%3A%2F%2Fsync.inmobi.com%2Fsetuid%3FbidderID%3D1315%26dspUserId%3D%5BUID%5D&gdpr=0&gdpr_consent=:0
[    6984ms] [ERROR] Failed to load resource: the server responded with a status of 404 () @ https://cs.krushmedia.com/4831fbf13dd518a56346a6e0ec8ba9d5.gif?puid=ID5-5-adf82ce0-c3fb-4403-a880-0c07d63d206b&redir=https%3A%2F%2Fsync.inmobi.com%2Fsetuid%3FbidderID%3D1315%26dspUserId%3D%5BUID%5D&gdpr=0&gdpr_consent=:0
[    7971ms] [ERROR] Failed to load resource: net::ERR_NAME_NOT_RESOLVED @ https://usermatch.krxd.net/um/v2?partner=tapad:0
[    9137ms] [ERROR] Failed to load resource: net::ERR_TOO_MANY_REDIRECTS @ https://x.bidswitch.net/sync?ssp=stickyads&gdpr=&gdpr_consent=&us_privacy=:0
[    9745ms] [ERROR] Failed to load resource: net::ERR_TOO_MANY_REDIRECTS @ https://a.tribalfusion.com/i.match?p=b25&u=umwb241_7610920423387878290&gdpr=&gdpr_consent=&redirect=https%3A%2F%2Fuser-sync.fwmrm.net%2Fad%2Fu%3Fmode%3Duser-register%26dspid%3D54%26dspuid%3D%24TF_USER_ID_ENC%24%26gdpr%3D%26gdpr_consent%3D:0
[   12079ms] [ERROR] Failed to load resource: net::ERR_EMPTY_RESPONSE @ https://user-sync.gamoshi.io/user_sync?bidder=eskimi&gdpr=0&gdpr_consent=&us_privacy=&rurl=https%3A%2F%2Fittpx.eskimi.com%2Fsync%3Fdp_id%3D93%26gdpr%3D%5BGDPR%5D%26gdpr_consent%3D%5BGDPR_CONSENT%5D%26us_privacy%3D%5BUS_PRIVACY%5D%26user_id%3D%5Bgusr%5D:0
[   21357ms] [ERROR] Failed to load resource: net::ERR_HTTP2_SERVER_REFUSED_STREAM @ https://rt.marphezis.com/sync?dpid=3&uid=e8750f85-52c0-4515-881f-7dde698dd344:0
[   33566ms] [WARNING] An iframe which has both allow-scripts and allow-same-origin for its sandbox attribute can escape its sandboxing. @ https://cadmus.script.ac/d1oykxszdrgjgl/script.js:0
[   33592ms] [WARNING] An iframe which has both allow-scripts and allow-same-origin for its sandbox attribute can escape its sandboxing. @ https://cadmus.script.ac/d1oykxszdrgjgl/script.js:0
[   34204ms] [ERROR] Attestation check for Shared Storage on https://www.googleadservices.com failed. @ https://www.googleadservices.com/pagead/managed/js/activeview/current/reach_worklet.html:0
[   34210ms] [ERROR] Attestation check for Shared Storage on https://www.googleadservices.com failed. @ https://www.googleadservices.com/pagead/managed/js/activeview/current/reach_worklet.html:0
[   34694ms] [ERROR] Failed to load resource: net::ERR_NAME_NOT_RESOLVED @ https://cw.addthis.com/t.gif?pid=88&pidt=0&pdid=2e99aeee-536a-46f8-b66a-1863e68b9073&cu=:0
[   34873ms] [ERROR] Failed to load resource: net::ERR_NAME_NOT_RESOLVED @ https://cw.addthis.com/t.gif?pid=88&pidt=0&pdid=2e99aeee-536a-46f8-b66a-1863e68b9073&cu=:0
[   55162ms] [ERROR] Failed to load resource: the server responded with a status of 404 (Not Found) @ https://pxdrop.lijit.com/private/ping?site=cncabwc7;ehls1=d3eac339f75c963be67db203d6c7a6832174c750;ehlm5=5d8aec754eedb9ff472408405e7eedf4;ehls2=7a23cc3f686b7fbaf39328c56ab67aee1e031d6478ce03224d0019c457fbed45;xid=3wq3fvlcf67n53ffj6mu6yakhik3df;lt=1771643893;ft=1771643883;ct=1771644013028:0
[   64562ms] [WARNING] An iframe which has both allow-scripts and allow-same-origin for its sandbox attribute can escape its sandboxing. @ https://cadmus.script.ac/d1oykxszdrgjgl/script.js:0
[   64617ms] [WARNING] An iframe which has both allow-scripts and allow-same-origin for its sandbox attribute can escape its sandboxing. @ https://cadmus.script.ac/d1oykxszdrgjgl/script.js:0
[   64726ms] [ERROR] Attestation check for Shared Storage on https://www.googleadservices.com failed. @ https://www.googleadservices.com/pagead/managed/js/activeview/current/reach_worklet.html:0
[   64726ms] [ERROR] Attestation check for Shared Storage on https://www.googleadservices.com failed. @ https://www.googleadservices.com/pagead/managed/js/activeview/current/reach_worklet.html:0
[   65229ms] [ERROR] Attestation check for Shared Storage on https://www.googleadservices.com failed. @ https://www.googleadservices.com/pagead/managed/js/activeview/current/reach_worklet.html:0
[   83240ms] [ERROR] Failed to load resource: net::ERR_CONNECTION_TIMED_OUT @ https://bind.excelate.ai/bsw_sync?bidswitch_ssp_id=smartadserver&bsw_custom_parameter=2b991cfe-0fe0-4cc1-ae4e-946d97d109c9&gdpr=0&gdpr_consent=:0
[   95596ms] [WARNING] An iframe which has both allow-scripts and allow-same-origin for its sandbox attribute can escape its sandboxing. @ https://cadmus.script.ac/d1oykxszdrgjgl/script.js:0
[   95627ms] [WARNING] An iframe which has both allow-scripts and allow-same-origin for its sandbox attribute can escape its sandboxing. @ https://cadmus.script.ac/d1oykxszdrgjgl/script.js:0
[   96328ms] [ERROR] Attestation check for Shared Storage on https://www.googleadservices.com failed. @ https://www.googleadservices.com/pagead/managed/js/activeview/current/reach_worklet.html:0
[   96487ms] [ERROR] Failed to load resource: the server responded with a status of 429 () @ https://ib.adnxs.com/ut/v3/prebid:0
[   96749ms] [ERROR] Failed to load resource: net::ERR_NAME_NOT_RESOLVED @ https://cw.addthis.com/t.gif?pid=88&pidt=0&pdid=2e99aeee-536a-46f8-b66a-1863e68b9073&cu=:0
[   97180ms] [ERROR] Failed to load resource: net::ERR_NAME_NOT_RESOLVED @ https://cw.addthis.com/t.gif?pid=88&pidt=0&pdid=2e99aeee-536a-46f8-b66a-1863e68b9073&cu=:0
[  116437ms] [ERROR] Failed to load resource: the server responded with a status of 404 (Not Found) @ https://pxdrop.lijit.com/private/ping?site=cncabwc7;ehls1=d3eac339f75c963be67db203d6c7a6832174c750;ehlm5=5d8aec754eedb9ff472408405e7eedf4;ehls2=7a23cc3f686b7fbaf39328c56ab67aee1e031d6478ce03224d0019c457fbed45;xid=3wq3fvlcf67n53ffj6mu6yakhik3df;lt=1771644013;ft=1771643883;ct=1771644074441:0
[  126319ms] [WARNING] An iframe which has both allow-scripts and allow-same-origin for its sandbox attribute can escape its sandboxing. @ https://cadmus.script.ac/d1oykxszdrgjgl/script.js:0
